[2026-09-27T13:09:03.702Z] [LOG] [COMMANDS] Loaded applicationcreate [PREFIX]
[2026-09-27T13:09:03.717Z] [LOG] [COMMANDS] Loaded applicationlist [PREFIX]
[2026-09-27T13:09:03.730Z] [LOG] [COMMANDS] Loaded applicationremove [PREFIX]
[2026-09-27T13:09:03.745Z] [LOG] [COMMANDS] Loaded applicationsend [PREFIX]
[2026-09-27T13:09:03.758Z] [LOG] [COMMANDS] Loaded approve [PREFIX]
[2026-09-27T13:09:03.769Z] [LOG] [COMMANDS] Loaded deny [PREFIX]
[2026-09-27T13:09:04.328Z] [LOG] [COMMANDS] Loaded ban [SLASH]
[2026-09-27T13:09:04.342Z] [LOG] [COMMANDS] Loaded clear [SLASH]
[2026-09-27T13:09:04.624Z] [LOG] [COMMANDS] Loaded kick [SLASH]
[2026-09-27T13:09:04.635Z] [LOG] [COMMANDS] Loaded lock [SLASH]
[2026-09-27T13:09:04.649Z] [LOG] [COMMANDS] Loaded nickname [SLASH]
[2026-09-27T13:09:04.662Z] [LOG] [COMMANDS] Loaded slowmode [SLASH]
[2026-09-27T13:09:04.962Z] [LOG] [COMMANDS] Loaded timeout [SLASH]
[2026-09-27T13:09:05.329Z] [LOG] [COMMANDS] Loaded unban [PREFIX + SLASH]
[2026-09-27T13:09:05.347Z] [LOG] [COMMANDS] Loaded unlock [SLASH]
[2026-09-27T13:09:05.366Z] [LOG] [COMMANDS] Loaded untimeout [SLASH]
[2026-09-27T13:09:05.641Z] [LOG] [COMMANDS] Loaded warn [SLASH]
[2026-09-27T13:09:05.657Z] [LOG] [COMMANDS] Loaded warnings [SLASH]
[2026-09-27T13:09:05.672Z] [LOG] [COMMANDS] Loaded ticket-panel [SLASH]
[2026-09-27T13:09:05.698Z] [LOG] [COMMANDS] Loaded cerror [PREFIX]
[2026-09-27T13:09:05.710Z] [LOG] [COMMANDS] Loaded clog [PREFIX]
[2026-09-27T13:09:05.726Z] [LOG] [COMMANDS] Loaded explogs [PREFIX]
[2026-09-27T13:09:05.742Z] [LOG] [COMMANDS] Loaded git [PREFIX]
[2026-09-27T13:09:05.757Z] [LOG] [COMMANDS] Loaded refresh [PREFIX]
[2026-09-27T13:09:05.758Z] [LOG] [EVENTS] Loading events from: C:\Users\vtkvi\Desktop\astra-discord-bot\src\events
[2026-09-27T13:09:05.787Z] [LOG] [EVENTS] Loaded interactionCreate.js → interactionCreate
[2026-09-27T13:09:05.803Z] [LOG] [EVENTS] Loaded messageCreate.js → messageCreate
[2026-09-27T13:09:05.819Z] [LOG] [EVENTS] Loaded ready.js → clientReady
[2026-09-27T13:09:06.173Z] [LOG] [WELCOME] welcomeMessage.js loaded
[2026-09-27T13:09:06.173Z] [LOG] [EVENTS] Loaded welcomeMessage.js → guildMemberAdd
[2026-09-27T13:09:07.031Z] [LOG] Logged in as Astra#9406
[2026-09-27T13:09:07.172Z] [LOG] [PRESENCE] Online player count: 2
[2026-09-27T13:09:10.225Z] [LOG] [PRESENCE] Online player count: 2
[2026-09-27T13:09:13.228Z] [LOG] [PRESENCE] Online player count: 2
[2026-09-27T13:09:16.246Z] [LOG] [PRESENCE] Online player count: 2
[2026-09-27T13:09:19.237Z] [LOG] [PRESENCE] Online player count: 2
[2026-09-27T13:09:22.264Z] [LOG] [PRESENCE] Online player count: 2
[2026-09-27T13:09:25.286Z] [LOG] [PRESENCE] Online player count: 2
[2026-09-27T13:09:28.254Z] [LOG] [PRESENCE] Online player count: 2
[2026-09-27T13:09:31.281Z] [LOG] [PRESENCE] Online player count: 2
[2026-09-27T13:09:34.297Z] [LOG] [PRESENCE] Online player count: 2
[2026-09-27T13:09:37.290Z] [LOG] [PRESENCE] Online player count: 2
[2026-09-27T13:09:40.295Z] [LOG] [PRESENCE] Online player count: 2
[2026-09-27T13:09:43.286Z] [LOG] [PRESENCE] Online player count: 2
[2026-09-27T13:09:46.295Z] [LOG] [PRESENCE] Online player count: 2
[2026-09-27T13:09:49.299Z] [LOG] [PRESENCE] Online player count: 2
[2026-09-27T13:09:52.316Z] [LOG] [PRESENCE] Online player count: 2
[2026-09-27T13:09:55.321Z] [LOG] [PRESENCE] Online player count: 2
[2026-09-27T13:09:58.322Z] [LOG] [PRESENCE] Online player count: 2
[2026-09-27T13:10:01.331Z] [LOG] [PRESENCE] Online player count: 2
[2026-09-27T13:10:04.350Z] [LOG] [PRESENCE] Online player count: 2
[2026-09-27T13:10:05.935Z] [LOG] [PREFIX] elkku_29 used >git
[2026-09-27T13:10:05.936Z] [LOG] [PREFIX] Found command: YES
[2026-09-27T13:10:05.936Z] [LOG] [PREFIX] Has prefixExecute: function
[2026-09-27T13:10:07.373Z] [LOG] [PRESENCE] Online player count: 2
[2026-09-27T13:10:10.341Z] [LOG] [PRESENCE] Online player count: 2
[2026-09-27T13:10:10.978Z] [LOG] [PREFIX] elkku_29 used >git
[2026-09-27T13:10:10.978Z] [LOG] [PREFIX] Found command: YES
[2026-09-27T13:10:10.979Z] [LOG] [PREFIX] Has prefixExecute: function
<<<<<<< HEAD
[2026-09-27T13:10:13.344Z] [LOG] [PRESENCE] Online player count: 2
[2026-09-27T13:10:16.361Z] [LOG] [PRESENCE] Online player count: 2
[2026-09-27T13:10:16.930Z] [LOG] [PREFIX] elkku_29 used >git
[2026-09-27T13:10:16.931Z] [LOG] [PREFIX] Found command: YES
[2026-09-27T13:10:16.931Z] [LOG] [PREFIX] Has prefixExecute: function
[2026-09-27T13:10:19.351Z] [LOG] [PRESENCE] Online player count: 2
[2026-09-27T13:10:22.358Z] [LOG] [PRESENCE] Online player count: 2
[2026-09-27T13:10:25.381Z] [LOG] [PRESENCE] Online player count: 2
[2026-09-27T13:10:26.869Z] [LOG] [PREFIX] elkku_29 used >git
[2026-09-27T13:10:26.869Z] [LOG] [PREFIX] Found command: YES
[2026-09-27T13:10:26.869Z] [LOG] [PREFIX] Has prefixExecute: function
[2026-09-27T13:10:28.386Z] [LOG] [PRESENCE] Online player count: 2
[2026-09-27T13:10:31.377Z] [LOG] [PRESENCE] Online player count: 2
[2026-09-27T13:10:33.199Z] [LOG] [PREFIX] elkku_29 used >git
[2026-09-27T13:10:33.200Z] [LOG] [PREFIX] Found command: YES
[2026-09-27T13:10:33.200Z] [LOG] [PREFIX] Has prefixExecute: function
[2026-09-27T13:10:34.404Z] [LOG] [PRESENCE] Online player count: 2
[2026-09-27T13:10:37.383Z] [LOG] [PRESENCE] Online player count: 2
[2026-09-27T13:10:40.400Z] [LOG] [PRESENCE] Online player count: 2
[2026-09-27T13:10:43.423Z] [LOG] [PRESENCE] Online player count: 2
[2026-09-27T13:10:46.445Z] [LOG] [PRESENCE] Online player count: 2
[2026-09-27T13:10:49.441Z] [LOG] [PRESENCE] Online player count: 2
[2026-09-27T13:10:52.456Z] [LOG] [PRESENCE] Online player count: 2
[2026-09-27T13:10:55.465Z] [LOG] [PRESENCE] Online player count: 2
[2026-09-27T13:10:58.487Z] [LOG] [PRESENCE] Online player count: 2
[2026-09-27T13:11:01.476Z] [LOG] [PRESENCE] Online player count: 2
[2026-09-27T13:11:04.482Z] [LOG] [PRESENCE] Online player count: 2
[2026-09-27T13:11:07.506Z] [LOG] [PRESENCE] Online player count: 2
[2026-09-27T13:11:10.505Z] [LOG] [PRESENCE] Online player count: 2
[2026-09-27T13:11:13.522Z] [LOG] [PRESENCE] Online player count: 2
[2026-09-27T13:11:16.533Z] [LOG] [PRESENCE] Online player count: 2
[2026-09-27T13:11:19.520Z] [LOG] [PRESENCE] Online player count: 2
[2026-09-27T13:11:22.553Z] [LOG] [PRESENCE] Online player count: 2
[2026-09-27T13:11:25.552Z] [LOG] [PRESENCE] Online player count: 2
[2026-09-27T13:11:28.580Z] [LOG] [PRESENCE] Online player count: 2
[2026-09-27T13:11:31.582Z] [LOG] [PRESENCE] Online player count: 2
[2026-09-27T13:11:34.583Z] [LOG] [PRESENCE] Online player count: 2
[2026-09-27T13:11:37.610Z] [LOG] [PRESENCE] Online player count: 2
[2026-09-27T13:11:40.604Z] [LOG] [PRESENCE] Online player count: 2
[2026-09-27T13:11:43.621Z] [LOG] [PRESENCE] Online player count: 2
[2026-09-27T13:11:46.636Z] [LOG] [PRESENCE] Online player count: 2
[2026-09-27T13:11:49.619Z] [LOG] [PRESENCE] Online player count: 2
[2026-09-27T13:11:52.649Z] [LOG] [PRESENCE] Online player count: 2
[2026-09-27T13:11:55.638Z] [LOG] [PRESENCE] Online player count: 2
[2026-09-27T13:11:58.647Z] [LOG] [PRESENCE] Online player count: 2
[2026-09-27T13:12:01.673Z] [LOG] [PRESENCE] Online player count: 2
[2026-09-27T13:12:04.682Z] [LOG] [PRESENCE] Online player count: 2
[2026-09-27T13:12:07.671Z] [LOG] [PRESENCE] Online player count: 2
[2026-09-27T13:12:10.680Z] [LOG] [PRESENCE] Online player count: 2
[2026-09-27T13:12:13.682Z] [LOG] [PRESENCE] Online player count: 2
[2026-09-27T13:12:16.694Z] [LOG] [PRESENCE] Online player count: 2
[2026-09-27T13:12:19.702Z] [LOG] [PRESENCE] Online player count: 2
[2026-09-27T13:12:22.723Z] [LOG] [PRESENCE] Online player count: 2
[2026-09-27T13:12:25.752Z] [LOG] [PRESENCE] Online player count: 2
[2026-09-27T13:12:28.747Z] [LOG] [PRESENCE] Online player count: 2
[2026-09-27T13:12:31.746Z] [LOG] [PRESENCE] Online player count: 2
[2026-09-27T13:12:34.746Z] [LOG] [PRESENCE] Online player count: 2
[2026-09-27T13:12:37.773Z] [LOG] [PRESENCE] Online player count: 2
[2026-09-27T13:12:40.783Z] [LOG] [PRESENCE] Online player count: 2
[2026-09-27T13:12:43.794Z] [LOG] [PRESENCE] Online player count: 2
[2026-09-27T13:12:46.781Z] [LOG] [PRESENCE] Online player count: 2
[2026-09-27T13:12:49.788Z] [LOG] [PRESENCE] Online player count: 2
[2026-09-27T13:12:52.787Z] [LOG] [PRESENCE] Online player count: 2
[2026-09-27T13:12:55.802Z] [LOG] [PRESENCE] Online player count: 2
[2026-09-27T13:12:58.805Z] [LOG] [PRESENCE] Online player count: 2
[2026-09-27T13:13:01.810Z] [LOG] [PRESENCE] Online player count: 2
[2026-09-27T13:13:04.831Z] [LOG] [PRESENCE] Online player count: 2
[2026-09-27T13:13:07.822Z] [LOG] [PRESENCE] Online player count: 2
[2026-09-27T13:13:10.840Z] [LOG] [PRESENCE] Online player count: 2
[2026-09-27T13:13:13.840Z] [LOG] [PRESENCE] Online player count: 2
[2026-09-27T13:13:16.864Z] [LOG] [PRESENCE] Online player count: 2
[2026-09-27T13:13:19.861Z] [LOG] [PRESENCE] Online player count: 2
[2026-09-27T13:13:22.873Z] [LOG] [PRESENCE] Online player count: 2
[2026-09-27T13:13:25.908Z] [LOG] [PRESENCE] Online player count: 2
[2026-09-27T13:13:28.903Z] [LOG] [PRESENCE] Online player count: 2
[2026-09-27T13:13:31.908Z] [LOG] [PRESENCE] Online player count: 2
[2026-09-27T13:13:34.928Z] [LOG] [PRESENCE] Online player count: 2
[2026-09-27T13:13:37.912Z] [LOG] [PRESENCE] Online player count: 2
[2026-09-27T13:13:40.925Z] [LOG] [PRESENCE] Online player count: 2
[2026-09-27T13:13:43.928Z] [LOG] [PRESENCE] Online player count: 2
[2026-09-27T13:13:46.940Z] [LOG] [PRESENCE] Online player count: 2
[2026-09-27T13:13:49.952Z] [LOG] [PRESENCE] Online player count: 2
[2026-09-27T13:13:52.962Z] [LOG] [PRESENCE] Online player count: 2
[2026-09-27T13:13:55.968Z] [LOG] [PRESENCE] Online player count: 2
[2026-09-27T13:13:58.976Z] [LOG] [PRESENCE] Online player count: 2
[2026-09-27T13:14:01.994Z] [LOG] [PRESENCE] Online player count: 2
[2026-09-27T13:14:04.980Z] [LOG] [PRESENCE] Online player count: 2
[2026-09-27T13:14:07.988Z] [LOG] [PRESENCE] Online player count: 2
[2026-09-27T13:14:11.000Z] [LOG] [PRESENCE] Online player count: 2
[2026-09-27T13:14:13.996Z] [LOG] [PRESENCE] Online player count: 2
[2026-09-27T13:14:17.017Z] [LOG] [PRESENCE] Online player count: 2
[2026-09-27T13:14:20.010Z] [LOG] [PRESENCE] Online player count: 2
[2026-09-27T13:14:23.025Z] [LOG] [PRESENCE] Online player count: 2
[2026-09-27T13:14:26.040Z] [LOG] [PRESENCE] Online player count: 2
[2026-09-27T13:14:29.035Z] [LOG] [PRESENCE] Online player count: 2
[2026-09-27T13:14:32.047Z] [LOG] [PRESENCE] Online player count: 2
[2026-09-27T13:14:35.052Z] [LOG] [PRESENCE] Online player count: 2
[2026-09-27T13:14:38.060Z] [LOG] [PRESENCE] Online player count: 2
[2026-09-27T13:14:41.072Z] [LOG] [PRESENCE] Online player count: 2
[2026-09-27T13:14:44.077Z] [LOG] [PRESENCE] Online player count: 2
[2026-09-27T13:14:47.082Z] [LOG] [PRESENCE] Online player count: 2
[2026-09-27T13:14:50.088Z] [LOG] [PRESENCE] Online player count: 2
[2026-09-27T13:14:53.102Z] [LOG] [PRESENCE] Online player count: 2
[2026-09-27T13:14:56.103Z] [LOG] [PRESENCE] Online player count: 2
[2026-09-27T13:14:59.118Z] [LOG] [PRESENCE] Online player count: 2
[2026-09-27T13:15:02.126Z] [LOG] [PRESENCE] Online player count: 2
[2026-09-27T13:15:05.125Z] [LOG] [PRESENCE] Online player count: 2
[2026-09-27T13:15:08.144Z] [LOG] [PRESENCE] Online player count: 2
[2026-09-27T13:15:11.154Z] [LOG] [PRESENCE] Online player count: 2
[2026-09-27T13:15:14.161Z] [LOG] [PRESENCE] Online player count: 2
[2026-09-27T13:15:17.181Z] [LOG] [PRESENCE] Online player count: 2
[2026-09-27T13:15:20.171Z] [LOG] [PRESENCE] Online player count: 2
[2026-09-27T13:15:23.183Z] [LOG] [PRESENCE] Online player count: 2
[2026-09-27T13:15:26.186Z] [LOG] [PRESENCE] Online player count: 2
[2026-09-27T13:15:29.205Z] [LOG] [PRESENCE] Online player count: 2
[2026-09-27T13:15:32.215Z] [LOG] [PRESENCE] Online player count: 2
[2026-09-27T13:15:35.225Z] [LOG] [PRESENCE] Online player count: 2
[2026-09-27T13:15:38.231Z] [LOG] [PRESENCE] Online player count: 2
[2026-09-27T13:15:41.243Z] [LOG] [PRESENCE] Online player count: 2
[2026-09-27T13:15:44.246Z] [LOG] [PRESENCE] Online player count: 2
[2026-09-27T13:15:47.262Z] [LOG] [PRESENCE] Online player count: 2
[2026-09-27T13:15:50.262Z] [LOG] [PRESENCE] Online player count: 2
[2026-09-27T13:15:53.278Z] [LOG] [PRESENCE] Online player count: 2
[2026-09-27T13:15:56.281Z] [LOG] [PRESENCE] Online player count: 2
[2026-09-27T13:15:59.282Z] [LOG] [PRESENCE] Online player count: 2
[2026-09-27T13:16:02.283Z] [LOG] [PRESENCE] Online player count: 2
[2026-09-27T13:16:05.280Z] [LOG] [PRESENCE] Online player count: 2
[2026-09-27T13:16:08.295Z] [LOG] [PRESENCE] Online player count: 2
[2026-09-27T13:16:11.301Z] [LOG] [PRESENCE] Online player count: 2
[2026-09-27T13:16:14.313Z] [LOG] [PRESENCE] Online player count: 2
[2026-09-27T13:16:17.344Z] [LOG] [PRESENCE] Online player count: 2
[2026-09-27T13:16:20.348Z] [LOG] [PRESENCE] Online player count: 2
[2026-09-27T13:16:23.355Z] [LOG] [PRESENCE] Online player count: 2
[2026-09-27T13:16:26.389Z] [LOG] [PRESENCE] Online player count: 2
[2026-09-27T13:16:29.368Z] [LOG] [PRESENCE] Online player count: 2
[2026-09-27T13:16:32.399Z] [LOG] [PRESENCE] Online player count: 2
[2026-09-27T13:16:35.393Z] [LOG] [PRESENCE] Online player count: 2
[2026-09-27T13:16:38.397Z] [LOG] [PRESENCE] Online player count: 2
[2026-09-27T13:16:41.402Z] [LOG] [PRESENCE] Online player count: 2
[2026-09-27T13:16:44.420Z] [LOG] [PRESENCE] Online player count: 2
[2026-09-27T13:16:47.439Z] [LOG] [PRESENCE] Online player count: 2
[2026-09-27T13:16:50.443Z] [LOG] [PRESENCE] Online player count: 2
[2026-09-27T13:16:53.470Z] [LOG] [PRESENCE] Online player count: 2
[2026-09-27T13:16:56.452Z] [LOG] [PRESENCE] Online player count: 2
[2026-09-27T13:16:59.464Z] [LOG] [PRESENCE] Online player count: 2
[2026-09-27T13:17:02.472Z] [LOG] [PRESENCE] Online player count: 2
[2026-09-27T13:17:05.500Z] [LOG] [PRESENCE] Online player count: 2
[2026-09-27T13:17:08.490Z] [LOG] [PRESENCE] Online player count: 2
[2026-09-27T13:17:11.495Z] [LOG] [PRESENCE] Online player count: 2
[2026-09-27T13:17:14.524Z] [LOG] [PRESENCE] Online player count: 2
[2026-09-27T13:17:17.515Z] [LOG] [PRESENCE] Online player count: 2
[2026-09-27T13:17:20.522Z] [LOG] [PRESENCE] Online player count: 2
[2026-09-27T13:17:23.547Z] [LOG] [PRESENCE] Online player count: 2
[2026-09-27T13:17:26.539Z] [LOG] [PRESENCE] Online player count: 2
[2026-09-27T13:17:29.542Z] [LOG] [PRESENCE] Online player count: 2
[2026-09-27T13:17:32.574Z] [LOG] [PRESENCE] Online player count: 2
[2026-09-27T13:17:35.574Z] [LOG] [PRESENCE] Online player count: 2
[2026-09-27T13:17:38.570Z] [LOG] [PRESENCE] Online player count: 2
[2026-09-27T13:17:41.580Z] [LOG] [PRESENCE] Online player count: 2
[2026-09-27T13:17:44.596Z] [LOG] [PRESENCE] Online player count: 2
[2026-09-27T13:17:47.594Z] [LOG] [PRESENCE] Online player count: 2
[2026-09-27T13:17:50.596Z] [LOG] [PRESENCE] Online player count: 2
[2026-09-27T13:17:53.612Z] [LOG] [PRESENCE] Online player count: 2
[2026-09-27T13:17:56.604Z] [LOG] [PRESENCE] Online player count: 2
[2026-09-27T13:17:59.612Z] [LOG] [PRESENCE] Online player count: 2
[2026-09-27T13:18:02.617Z] [LOG] [PRESENCE] Online player count: 2
[2026-09-27T13:18:05.633Z] [LOG] [PRESENCE] Online player count: 2
[2026-09-27T13:18:08.635Z] [LOG] [PRESENCE] Online player count: 2
[2026-09-27T13:18:11.657Z] [LOG] [PRESENCE] Online player count: 2
[2026-09-27T13:18:14.669Z] [LOG] [PRESENCE] Online player count: 2
[2026-09-27T13:18:17.667Z] [LOG] [PRESENCE] Online player count: 2
[2026-09-27T13:18:20.671Z] [LOG] [PRESENCE] Online player count: 2
[2026-09-27T13:18:23.668Z] [LOG] [PRESENCE] Online player count: 2
[2026-09-27T13:18:26.688Z] [LOG] [PRESENCE] Online player count: 2
[2026-09-27T13:18:29.682Z] [LOG] [PRESENCE] Online player count: 2
[2026-09-27T13:18:32.692Z] [LOG] [PRESENCE] Online player count: 2
[2026-09-27T13:18:35.703Z] [LOG] [PRESENCE] Online player count: 2
[2026-09-27T13:18:38.705Z] [LOG] [PRESENCE] Online player count: 2
[2026-09-27T13:18:41.704Z] [LOG] [PRESENCE] Online player count: 2
[2026-09-27T13:18:44.710Z] [LOG] [PRESENCE] Online player count: 2
[2026-09-27T13:18:47.721Z] [LOG] [PRESENCE] Online player count: 2
[2026-09-27T13:18:50.732Z] [LOG] [PRESENCE] Online player count: 2
[2026-09-27T13:18:53.740Z] [LOG] [PRESENCE] Online player count: 2
[2026-09-27T13:18:56.744Z] [LOG] [PRESENCE] Online player count: 2
[2026-09-27T13:18:59.753Z] [LOG] [PRESENCE] Online player count: 2
[2026-09-27T13:19:02.760Z] [LOG] [PRESENCE] Online player count: 2
[2026-09-27T13:19:05.773Z] [LOG] [PRESENCE] Online player count: 2
[2026-09-27T13:19:08.793Z] [LOG] [PRESENCE] Online player count: 2
[2026-09-27T13:19:11.802Z] [LOG] [PRESENCE] Online player count: 2
[2026-09-27T13:19:14.815Z] [LOG] [PRESENCE] Online player count: 2
[2026-09-27T13:19:17.826Z] [LOG] [PRESENCE] Online player count: 2
[2026-09-27T13:19:20.840Z] [LOG] [PRESENCE] Online player count: 2
[2026-09-27T13:19:23.841Z] [LOG] [PRESENCE] Online player count: 2
[2026-09-27T13:19:26.842Z] [LOG] [PRESENCE] Online player count: 2
[2026-09-27T13:19:29.843Z] [LOG] [PRESENCE] Online player count: 2
[2026-09-27T13:19:32.857Z] [LOG] [PRESENCE] Online player count: 2
[2026-09-27T13:19:35.886Z] [LOG] [PRESENCE] Online player count: 2
[2026-09-27T13:19:38.870Z] [LOG] [PRESENCE] Online player count: 2
[2026-09-27T13:19:41.868Z] [LOG] [PRESENCE] Online player count: 2
[2026-09-27T13:19:44.870Z] [LOG] [PRESENCE] Online player count: 2
[2026-09-27T13:19:47.877Z] [LOG] [PRESENCE] Online player count: 2
[2026-09-27T13:19:50.879Z] [LOG] [PRESENCE] Online player count: 2
[2026-09-27T13:19:53.884Z] [LOG] [PRESENCE] Online player count: 2
[2026-09-27T13:19:56.879Z] [LOG] [PRESENCE] Online player count: 2
[2026-09-27T13:19:59.879Z] [LOG] [PRESENCE] Online player count: 2
[2026-09-27T13:20:02.891Z] [LOG] [PRESENCE] Online player count: 2
[2026-09-27T13:20:05.915Z] [LOG] [PRESENCE] Online player count: 2
[2026-09-27T13:20:08.916Z] [LOG] [PRESENCE] Online player count: 2
[2026-09-27T13:20:11.897Z] [LOG] [PRESENCE] Online player count: 2
[2026-09-27T13:20:14.910Z] [LOG] [PRESENCE] Online player count: 2
[2026-09-27T13:20:17.924Z] [LOG] [PRESENCE] Online player count: 2
[2026-09-27T13:20:20.917Z] [LOG] [PRESENCE] Online player count: 2
[2026-09-27T13:20:23.934Z] [LOG] [PRESENCE] Online player count: 2
[2026-09-27T13:20:26.933Z] [LOG] [PRESENCE] Online player count: 2
[2026-09-27T13:20:29.947Z] [LOG] [PRESENCE] Online player count: 2
[2026-09-27T13:20:32.939Z] [LOG] [PRESENCE] Online player count: 2
[2026-09-27T13:20:35.964Z] [LOG] [PRESENCE] Online player count: 2
[2026-09-27T13:20:38.957Z] [LOG] [PRESENCE] Online player count: 2
[2026-09-27T13:20:41.969Z] [LOG] [PRESENCE] Online player count: 2
[2026-09-27T13:20:44.981Z] [LOG] [PRESENCE] Online player count: 2
[2026-09-27T13:20:47.982Z] [LOG] [PRESENCE] Online player count: 2
[2026-09-27T13:20:50.983Z] [LOG] [PRESENCE] Online player count: 2
[2026-09-27T13:20:53.993Z] [LOG] [PRESENCE] Online player count: 2
[2026-09-27T13:20:56.997Z] [LOG] [PRESENCE] Online player count: 2
[2026-09-27T13:21:00.004Z] [LOG] [PRESENCE] Online player count: 2
[2026-09-27T13:21:03.027Z] [LOG] [PRESENCE] Online player count: 2
[2026-09-27T13:21:06.014Z] [LOG] [PRESENCE] Online player count: 2
[2026-09-27T13:21:09.034Z] [LOG] [PRESENCE] Online player count: 2
[2026-09-27T13:21:12.035Z] [LOG] [PRESENCE] Online player count: 2
[2026-09-27T13:21:15.057Z] [LOG] [PRESENCE] Online player count: 2
[2026-09-27T13:21:18.056Z] [LOG] [PRESENCE] Online player count: 2
[2026-09-27T13:21:21.076Z] [LOG] [PRESENCE] Online player count: 2
[2026-09-27T13:21:24.065Z] [LOG] [PRESENCE] Online player count: 2
[2026-09-27T13:21:27.074Z] [LOG] [PRESENCE] Online player count: 2
[2026-09-27T13:21:30.074Z] [LOG] [PRESENCE] Online player count: 2
[2026-09-27T13:21:33.076Z] [LOG] [PRESENCE] Online player count: 2
[2026-09-27T13:21:36.083Z] [LOG] [PRESENCE] Online player count: 2
[2026-09-27T13:21:39.103Z] [LOG] [PRESENCE] Online player count: 2
[2026-09-27T13:21:42.115Z] [LOG] [PRESENCE] Online player count: 2
[2026-09-27T13:21:45.108Z] [LOG] [PRESENCE] Online player count: 2
[2026-09-27T13:21:48.122Z] [LOG] [PRESENCE] Online player count: 2
[2026-09-27T13:21:51.143Z] [LOG] [PRESENCE] Online player count: 2
[2026-09-27T13:21:54.137Z] [LOG] [PRESENCE] Online player count: 2
[2026-09-27T13:21:57.151Z] [LOG] [PRESENCE] Online player count: 2
[2026-09-27T13:22:00.156Z] [LOG] [PRESENCE] Online player count: 2
[2026-09-27T13:22:03.172Z] [LOG] [PRESENCE] Online player count: 2
[2026-09-27T13:22:06.185Z] [LOG] [PRESENCE] Online player count: 2
[2026-09-27T13:22:09.188Z] [LOG] [PRESENCE] Online player count: 2
[2026-09-27T13:22:12.191Z] [LOG] [PRESENCE] Online player count: 2
[2026-09-27T13:22:15.213Z] [LOG] [PRESENCE] Online player count: 2
[2026-09-27T13:22:18.205Z] [LOG] [PRESENCE] Online player count: 2
[2026-09-27T13:22:21.222Z] [LOG] [PRESENCE] Online player count: 2
[2026-09-27T13:22:24.224Z] [LOG] [PRESENCE] Online player count: 2
[2026-09-27T13:22:27.240Z] [LOG] [PRESENCE] Online player count: 2
[2026-09-27T13:22:30.262Z] [LOG] [PRESENCE] Online player count: 2
[2026-09-27T13:22:33.263Z] [LOG] [PRESENCE] Online player count: 2
[2026-09-27T13:22:36.267Z] [LOG] [PRESENCE] Online player count: 2
[2026-09-27T13:22:39.265Z] [LOG] [PRESENCE] Online player count: 2
[2026-09-27T13:22:42.272Z] [LOG] [PRESENCE] Online player count: 2
[2026-09-27T13:22:45.276Z] [LOG] [PRESENCE] Online player count: 2
[2026-09-27T13:22:48.294Z] [LOG] [PRESENCE] Online player count: 2
[2026-09-27T13:22:51.303Z] [LOG] [PRESENCE] Online player count: 2
[2026-09-27T13:22:54.319Z] [LOG] [PRESENCE] Online player count: 2
[2026-09-27T13:22:57.310Z] [LOG] [PRESENCE] Online player count: 2
[2026-09-27T13:23:00.305Z] [LOG] [PRESENCE] Online player count: 2
[2026-09-27T13:23:03.310Z] [LOG] [PRESENCE] Online player count: 2
[2026-09-27T13:23:06.330Z] [LOG] [PRESENCE] Online player count: 2
[2026-09-27T13:23:09.326Z] [LOG] [PRESENCE] Online player count: 2
[2026-09-27T13:23:12.331Z] [LOG] [PRESENCE] Online player count: 2
[2026-09-27T13:23:15.333Z] [LOG] [PRESENCE] Online player count: 2
[2026-09-27T13:23:18.343Z] [LOG] [PRESENCE] Online player count: 2
[2026-09-27T13:23:21.355Z] [LOG] [PRESENCE] Online player count: 2
[2026-09-27T13:23:24.355Z] [LOG] [PRESENCE] Online player count: 2
[2026-09-27T13:23:27.362Z] [LOG] [PRESENCE] Online player count: 2
[2026-09-27T13:23:30.370Z] [LOG] [PRESENCE] Online player count: 2
[2026-09-27T13:23:33.389Z] [LOG] [PRESENCE] Online player count: 2
[2026-09-27T13:23:36.384Z] [LOG] [PRESENCE] Online player count: 2
[2026-09-27T13:23:39.384Z] [LOG] [PRESENCE] Online player count: 2
[2026-09-27T13:23:42.401Z] [LOG] [PRESENCE] Online player count: 2
[2026-09-27T13:23:45.425Z] [LOG] [PRESENCE] Online player count: 2
[2026-09-27T13:23:48.426Z] [LOG] [PRESENCE] Online player count: 2
[2026-09-27T13:23:51.430Z] [LOG] [PRESENCE] Online player count: 2
[2026-09-27T13:23:54.424Z] [LOG] [PRESENCE] Online player count: 2
[2026-09-27T13:23:57.432Z] [LOG] [PRESENCE] Online player count: 2
[2026-09-27T13:24:00.441Z] [LOG] [PRESENCE] Online player count: 2
[2026-09-27T13:24:03.450Z] [LOG] [PRESENCE] Online player count: 2
[2026-09-27T13:24:06.457Z] [LOG] [PRESENCE] Online player count: 2
[2026-09-27T13:24:09.461Z] [LOG] [PRESENCE] Online player count: 2
[2026-09-27T13:24:12.464Z] [LOG] [PRESENCE] Online player count: 2
[2026-09-27T13:24:15.471Z] [LOG] [PRESENCE] Online player count: 2
[2026-09-27T13:24:18.469Z] [LOG] [PRESENCE] Online player count: 2
[2026-09-27T13:24:21.501Z] [LOG] [PRESENCE] Online player count: 2
[2026-09-27T13:24:24.501Z] [LOG] [PRESENCE] Online player count: 2
[2026-09-27T13:24:27.490Z] [LOG] [PRESENCE] Online player count: 2
[2026-09-27T13:24:30.501Z] [LOG] [PRESENCE] Online player count: 2
[2026-09-27T13:24:33.515Z] [LOG] [PRESENCE] Online player count: 2
[2026-09-27T13:24:36.512Z] [LOG] [PRESENCE] Online player count: 2
[2026-09-27T13:24:39.519Z] [LOG] [PRESENCE] Online player count: 2
[2026-09-27T13:24:42.525Z] [LOG] [PRESENCE] Online player count: 2
[2026-09-27T13:24:45.534Z] [LOG] [PRESENCE] Online player count: 2
[2026-09-27T13:24:48.537Z] [LOG] [PRESENCE] Online player count: 2
[2026-09-27T13:24:51.541Z] [LOG] [PRESENCE] Online player count: 2
[2026-09-27T13:24:54.550Z] [LOG] [PRESENCE] Online player count: 2
[2026-09-27T13:24:57.553Z] [LOG] [PRESENCE] Online player count: 2
[2026-09-27T13:25:00.563Z] [LOG] [PRESENCE] Online player count: 2
[2026-09-27T13:25:03.573Z] [LOG] [PRESENCE] Online player count: 2
[2026-09-27T13:25:06.577Z] [LOG] [PRESENCE] Online player count: 2
[2026-09-27T13:25:09.599Z] [LOG] [PRESENCE] Online player count: 2
[2026-09-27T13:25:12.591Z] [LOG] [PRESENCE] Online player count: 2
[2026-09-27T13:25:15.598Z] [LOG] [PRESENCE] Online player count: 2
[2026-09-27T13:25:18.610Z] [LOG] [PRESENCE] Online player count: 2
[2026-09-27T13:25:21.630Z] [LOG] [PRESENCE] Online player count: 2
[2026-09-27T13:25:24.647Z] [LOG] [PRESENCE] Online player count: 2
[2026-09-27T13:25:27.633Z] [LOG] [PRESENCE] Online player count: 2
[2026-09-27T13:25:30.649Z] [LOG] [PRESENCE] Online player count: 2
[2026-09-27T13:25:33.660Z] [LOG] [PRESENCE] Online player count: 2
[2026-09-27T13:25:36.664Z] [LOG] [PRESENCE] Online player count: 2
[2026-09-27T13:25:39.683Z] [LOG] [PRESENCE] Online player count: 2
[2026-09-27T13:25:42.677Z] [LOG] [PRESENCE] Online player count: 2
[2026-09-27T13:25:45.697Z] [LOG] [PRESENCE] Online player count: 2
[2026-09-27T13:25:48.713Z] [LOG] [PRESENCE] Online player count: 2
[2026-09-27T13:25:51.687Z] [LOG] [PRESENCE] Online player count: 2
[2026-09-27T13:25:54.705Z] [LOG] [PRESENCE] Online player count: 2
[2026-09-27T13:25:57.705Z] [LOG] [PRESENCE] Online player count: 2
[2026-09-27T13:26:00.724Z] [LOG] [PRESENCE] Online player count: 2
[2026-09-27T13:26:03.727Z] [LOG] [PRESENCE] Online player count: 2
[2026-09-27T13:26:06.759Z] [LOG] [PRESENCE] Online player count: 2
[2026-09-27T13:26:09.754Z] [LOG] [PRESENCE] Online player count: 2
[2026-09-27T13:26:12.766Z] [LOG] [PRESENCE] Online player count: 2
[2026-09-27T13:26:15.770Z] [LOG] [PRESENCE] Online player count: 2
[2026-09-27T13:26:18.777Z] [LOG] [PRESENCE] Online player count: 2
[2026-09-27T13:26:21.781Z] [LOG] [PRESENCE] Online player count: 2
[2026-09-27T13:26:24.781Z] [LOG] [PRESENCE] Online player count: 2
[2026-09-27T13:26:27.782Z] [LOG] [PRESENCE] Online player count: 2
[2026-09-27T13:26:30.801Z] [LOG] [PRESENCE] Online player count: 2
[2026-09-27T13:26:33.821Z] [LOG] [PRESENCE] Online player count: 2
[2026-09-27T13:26:36.817Z] [LOG] [PRESENCE] Online player count: 2
[2026-09-27T13:26:39.836Z] [LOG] [PRESENCE] Online player count: 2
[2026-09-27T13:26:42.833Z] [LOG] [PRESENCE] Online player count: 2
[2026-09-27T13:26:45.840Z] [LOG] [PRESENCE] Online player count: 2
[2026-09-27T13:26:48.842Z] [LOG] [PRESENCE] Online player count: 2
[2026-09-27T13:26:51.854Z] [LOG] [PRESENCE] Online player count: 2
[2026-09-27T13:26:54.867Z] [LOG] [PRESENCE] Online player count: 2
[2026-09-27T13:26:57.885Z] [LOG] [PRESENCE] Online player count: 2
[2026-09-27T13:27:00.882Z] [LOG] [PRESENCE] Online player count: 2
[2026-09-27T13:27:03.896Z] [LOG] [PRESENCE] Online player count: 2
[2026-09-27T13:27:06.899Z] [LOG] [PRESENCE] Online player count: 2
[2026-09-27T13:27:09.901Z] [LOG] [PRESENCE] Online player count: 2
[2026-09-27T13:27:12.923Z] [LOG] [PRESENCE] Online player count: 2
[2026-09-27T13:27:15.913Z] [LOG] [PRESENCE] Online player count: 2
[2026-09-27T13:27:18.943Z] [LOG] [PRESENCE] Online player count: 2
[2026-09-27T13:27:21.928Z] [LOG] [PRESENCE] Online player count: 2
[2026-09-27T13:27:24.941Z] [LOG] [PRESENCE] Online player count: 2
[2026-09-27T13:27:27.954Z] [LOG] [PRESENCE] Online player count: 2
[2026-09-27T13:27:30.985Z] [LOG] [PRESENCE] Online player count: 2
[2026-09-27T13:27:33.970Z] [LOG] [PRESENCE] Online player count: 2
[2026-09-27T13:27:36.973Z] [LOG] [PRESENCE] Online player count: 2
[2026-09-27T13:27:39.985Z] [LOG] [PRESENCE] Online player count: 2
[2026-09-27T13:27:42.987Z] [LOG] [PRESENCE] Online player count: 2
[2026-09-27T13:27:45.994Z] [LOG] [PRESENCE] Online player count: 2
[2026-09-27T13:27:49.010Z] [LOG] [PRESENCE] Online player count: 2
[2026-09-27T13:27:52.017Z] [LOG] [PRESENCE] Online player count: 2
[2026-09-27T13:27:55.022Z] [LOG] [PRESENCE] Online player count: 2
[2026-09-27T13:27:58.037Z] [LOG] [PRESENCE] Online player count: 2
[2026-09-27T13:28:01.048Z] [LOG] [PRESENCE] Online player count: 2
[2026-09-27T13:28:04.073Z] [LOG] [PRESENCE] Online player count: 2
[2026-09-27T13:28:07.072Z] [LOG] [PRESENCE] Online player count: 2
[2026-09-27T13:28:10.071Z] [LOG] [PRESENCE] Online player count: 2
[2026-09-27T13:28:13.084Z] [LOG] [PRESENCE] Online player count: 2
[2026-09-27T13:28:16.096Z] [LOG] [PRESENCE] Online player count: 2
[2026-09-27T13:28:19.112Z] [LOG] [PRESENCE] Online player count: 2
[2026-09-27T13:28:22.112Z] [LOG] [PRESENCE] Online player count: 2
[2026-09-27T13:28:25.123Z] [LOG] [PRESENCE] Online player count: 2
[2026-09-27T13:28:28.127Z] [LOG] [PRESENCE] Online player count: 2
[2026-09-27T13:28:31.146Z] [LOG] [PRESENCE] Online player count: 2
[2026-09-27T13:28:34.141Z] [LOG] [PRESENCE] Online player count: 2
[2026-09-27T13:28:37.148Z] [LOG] [PRESENCE] Online player count: 2
[2026-09-27T13:28:40.154Z] [LOG] [PRESENCE] Online player count: 2
[2026-09-27T13:28:43.176Z] [LOG] [PRESENCE] Online player count: 2
[2026-09-27T13:28:46.162Z] [LOG] [PRESENCE] Online player count: 2
[2026-09-27T13:28:49.188Z] [LOG] [PRESENCE] Online player count: 2
[2026-09-27T13:28:52.174Z] [LOG] [PRESENCE] Online player count: 2
[2026-09-27T13:28:55.201Z] [LOG] [PRESENCE] Online player count: 2
[2026-09-27T13:28:58.189Z] [LOG] [PRESENCE] Online player count: 2
[2026-09-27T13:29:01.191Z] [LOG] [PRESENCE] Online player count: 2
[2026-09-27T13:29:04.195Z] [LOG] [PRESENCE] Online player count: 2
[2026-09-27T13:29:07.206Z] [LOG] [PRESENCE] Online player count: 2
[2026-09-27T13:29:10.224Z] [LOG] [PRESENCE] Online player count: 2
[2026-09-27T13:29:13.229Z] [LOG] [PRESENCE] Online player count: 2
[2026-09-27T13:29:16.243Z] [LOG] [PRESENCE] Online player count: 2
[2026-09-27T13:29:19.276Z] [LOG] [PRESENCE] Online player count: 2
[2026-09-27T13:29:22.254Z] [LOG] [PRESENCE] Online player count: 2
[2026-09-27T13:29:25.256Z] [LOG] [PRESENCE] Online player count: 2
[2026-09-27T13:29:28.258Z] [LOG] [PRESENCE] Online player count: 2
[2026-09-27T13:29:31.266Z] [LOG] [PRESENCE] Online player count: 2
[2026-09-27T13:29:34.266Z] [LOG] [PRESENCE] Online player count: 2
[2026-09-27T13:29:37.275Z] [LOG] [PRESENCE] Online player count: 2
[2026-09-27T13:29:40.269Z] [LOG] [PRESENCE] Online player count: 2
[2026-09-27T13:29:43.284Z] [LOG] [PRESENCE] Online player count: 2
[2026-09-27T13:29:46.287Z] [LOG] [PRESENCE] Online player count: 2
[2026-09-27T13:29:49.303Z] [LOG] [PRESENCE] Online player count: 2
[2026-09-27T13:29:52.302Z] [LOG] [PRESENCE] Online player count: 2
[2026-09-27T13:29:55.312Z] [LOG] [PRESENCE] Online player count: 2
[2026-09-27T13:29:58.319Z] [LOG] [PRESENCE] Online player count: 2
[2026-09-27T13:30:01.320Z] [LOG] [PRESENCE] Online player count: 2
[2026-09-27T13:30:04.335Z] [LOG] [PRESENCE] Online player count: 2
[2026-09-27T13:30:07.345Z] [LOG] [PRESENCE] Online player count: 2
[2026-09-27T13:30:10.353Z] [LOG] [PRESENCE] Online player count: 2
[2026-09-27T13:30:13.361Z] [LOG] [PRESENCE] Online player count: 2
[2026-09-27T13:30:16.360Z] [LOG] [PRESENCE] Online player count: 2
[2026-09-27T13:30:19.376Z] [LOG] [PRESENCE] Online player count: 2
[2026-09-27T13:30:22.398Z] [LOG] [PRESENCE] Online player count: 2
[2026-09-27T13:30:25.399Z] [LOG] [PRESENCE] Online player count: 2
[2026-09-27T13:30:28.388Z] [LOG] [PRESENCE] Online player count: 2
[2026-09-27T13:30:31.388Z] [LOG] [PRESENCE] Online player count: 2
[2026-09-27T13:30:34.400Z] [LOG] [PRESENCE] Online player count: 2
[2026-09-27T13:30:37.408Z] [LOG] [PRESENCE] Online player count: 2
[2026-09-27T13:30:40.423Z] [LOG] [PRESENCE] Online player count: 2
[2026-09-27T13:30:43.434Z] [LOG] [PRESENCE] Online player count: 2
[2026-09-27T13:30:46.443Z] [LOG] [PRESENCE] Online player count: 2
[2026-09-27T13:30:49.445Z] [LOG] [PRESENCE] Online player count: 2
[2026-09-27T13:30:52.457Z] [LOG] [PRESENCE] Online player count: 2
[2026-09-27T13:30:55.474Z] [LOG] [PRESENCE] Online player count: 2
[2026-09-27T13:30:58.479Z] [LOG] [PRESENCE] Online player count: 2
[2026-09-27T13:31:01.495Z] [LOG] [PRESENCE] Online player count: 2
[2026-09-27T13:31:04.490Z] [LOG] [PRESENCE] Online player count: 2
[2026-09-27T13:31:07.499Z] [LOG] [PRESENCE] Online player count: 2
[2026-09-27T13:31:10.506Z] [LOG] [PRESENCE] Online player count: 2
[2026-09-27T13:31:13.511Z] [LOG] [PRESENCE] Online player count: 2
[2026-09-27T13:31:16.518Z] [LOG] [PRESENCE] Online player count: 2
[2026-09-27T13:31:19.525Z] [LOG] [PRESENCE] Online player count: 2
[2026-09-27T13:31:22.590Z] [LOG] [PRESENCE] Online player count: 2
[2026-09-27T13:31:25.558Z] [LOG] [PRESENCE] Online player count: 2
[2026-09-27T13:31:28.541Z] [LOG] [PRESENCE] Online player count: 2
[2026-09-27T13:31:31.545Z] [LOG] [PRESENCE] Online player count: 2
[2026-09-27T13:31:34.568Z] [LOG] [PRESENCE] Online player count: 2
[2026-09-27T13:31:37.552Z] [LOG] [PRESENCE] Online player count: 2
[2026-09-27T13:31:40.570Z] [LOG] [PRESENCE] Online player count: 2
[2026-09-27T13:31:43.580Z] [LOG] [PRESENCE] Online player count: 2
[2026-09-27T13:31:46.579Z] [LOG] [PRESENCE] Online player count: 2
[2026-09-27T13:31:49.580Z] [LOG] [PRESENCE] Online player count: 2
[2026-09-27T13:31:52.600Z] [LOG] [PRESENCE] Online player count: 2
[2026-09-27T13:31:55.606Z] [LOG] [PRESENCE] Online player count: 2
[2026-09-27T13:31:58.625Z] [LOG] [PRESENCE] Online player count: 2
[2026-09-27T13:32:01.614Z] [LOG] [PRESENCE] Online player count: 2
[2026-09-27T13:32:04.642Z] [LOG] [PRESENCE] Online player count: 2
[2026-09-27T13:32:07.631Z] [LOG] [PRESENCE] Online player count: 2
[2026-09-27T13:32:10.644Z] [LOG] [PRESENCE] Online player count: 2
[2026-09-27T13:32:13.652Z] [LOG] [PRESENCE] Online player count: 2
[2026-09-27T13:32:16.660Z] [LOG] [PRESENCE] Online player count: 2
[2026-09-27T13:32:19.669Z] [LOG] [PRESENCE] Online player count: 2
[2026-09-27T13:32:22.664Z] [LOG] [PRESENCE] Online player count: 2
[2026-09-27T13:32:25.668Z] [LOG] [PRESENCE] Online player count: 2
[2026-09-27T13:32:28.672Z] [LOG] [PRESENCE] Online player count: 2
[2026-09-27T13:32:31.681Z] [LOG] [PRESENCE] Online player count: 2
[2026-09-27T13:32:34.700Z] [LOG] [PRESENCE] Online player count: 2
[2026-09-27T13:32:37.685Z] [LOG] [PRESENCE] Online player count: 2
[2026-09-27T13:32:40.693Z] [LOG] [PRESENCE] Online player count: 2
[2026-09-27T13:32:43.705Z] [LOG] [PRESENCE] Online player count: 2
[2026-09-27T13:32:46.706Z] [LOG] [PRESENCE] Online player count: 2
[2026-09-27T13:32:49.719Z] [LOG] [PRESENCE] Online player count: 2
[2026-09-27T13:32:52.753Z] [LOG] [PRESENCE] Online player count: 2
[2026-09-27T13:32:55.746Z] [LOG] [PRESENCE] Online player count: 2
[2026-09-27T13:32:58.756Z] [LOG] [PRESENCE] Online player count: 2
[2026-09-27T13:33:01.755Z] [LOG] [PRESENCE] Online player count: 2
[2026-09-27T13:33:04.773Z] [LOG] [PRESENCE] Online player count: 2
[2026-09-27T13:33:07.776Z] [LOG] [PRESENCE] Online player count: 1
[2026-09-27T13:33:10.788Z] [LOG] [PRESENCE] Online player count: 1
[2026-09-27T13:33:13.801Z] [LOG] [PRESENCE] Online player count: 1
[2026-09-27T13:33:16.803Z] [LOG] [PRESENCE] Online player count: 1
[2026-09-27T13:33:19.828Z] [LOG] [PRESENCE] Online player count: 1
[2026-09-27T13:33:22.840Z] [LOG] [PRESENCE] Online player count: 1
[2026-09-27T13:33:25.818Z] [LOG] [PRESENCE] Online player count: 1
[2026-09-27T13:33:28.833Z] [LOG] [PRESENCE] Online player count: 1
[2026-09-27T13:33:31.863Z] [LOG] [PRESENCE] Online player count: 1
[2026-09-27T13:33:34.859Z] [LOG] [PRESENCE] Online player count: 1
[2026-09-27T13:33:37.869Z] [LOG] [PRESENCE] Online player count: 1
[2026-09-27T13:33:40.879Z] [LOG] [PRESENCE] Online player count: 1
[2026-09-27T13:33:43.877Z] [LOG] [PRESENCE] Online player count: 1
[2026-09-27T13:33:46.878Z] [LOG] [PRESENCE] Online player count: 1
[2026-09-27T13:33:49.901Z] [LOG] [PRESENCE] Online player count: 1
[2026-09-27T13:33:52.903Z] [LOG] [PRESENCE] Online player count: 1
[2026-09-27T13:33:55.917Z] [LOG] [PRESENCE] Online player count: 1
[2026-09-27T13:33:58.919Z] [LOG] [PRESENCE] Online player count: 1
[2026-09-27T13:34:01.937Z] [LOG] [PRESENCE] Online player count: 1
[2026-09-27T13:34:04.940Z] [LOG] [PRESENCE] Online player count: 1
[2026-09-27T13:34:07.953Z] [LOG] [PRESENCE] Online player count: 1
[2026-09-27T13:34:10.954Z] [LOG] [PRESENCE] Online player count: 1
[2026-09-27T13:34:13.970Z] [LOG] [PRESENCE] Online player count: 1
[2026-09-27T13:34:16.980Z] [LOG] [PRESENCE] Online player count: 1
[2026-09-27T13:34:19.990Z] [LOG] [PRESENCE] Online player count: 1
[2026-09-27T13:34:23.016Z] [LOG] [PRESENCE] Online player count: 1
[2026-09-27T13:34:26.027Z] [LOG] [PRESENCE] Online player count: 1
[2026-09-27T13:34:29.043Z] [LOG] [PRESENCE] Online player count: 1
[2026-09-27T13:34:32.032Z] [LOG] [PRESENCE] Online player count: 1
[2026-09-27T13:34:35.044Z] [LOG] [PRESENCE] Online player count: 1
[2026-09-27T13:34:38.042Z] [LOG] [PRESENCE] Online player count: 1
[2026-09-27T13:34:41.066Z] [LOG] [PRESENCE] Online player count: 1
[2026-09-27T13:34:46.973Z] [LOG] Registering 13 commands...
[2026-09-27T13:34:47.326Z] [LOG] Commands registered successfully.
[2026-09-27T13:34:49.506Z] [LOG] [COMMANDS] Loaded applicationcreate [PREFIX]
[2026-09-27T13:34:49.510Z] [LOG] [COMMANDS] Loaded applicationlist [PREFIX]
[2026-09-27T13:34:49.512Z] [LOG] [COMMANDS] Loaded applicationremove [PREFIX]
[2026-09-27T13:34:49.513Z] [LOG] [COMMANDS] Loaded applicationsend [PREFIX]
[2026-09-27T13:34:49.515Z] [LOG] [COMMANDS] Loaded approve [PREFIX]
[2026-09-27T13:34:49.516Z] [LOG] [COMMANDS] Loaded deny [PREFIX]
[2026-09-27T13:34:49.523Z] [LOG] [COMMANDS] Loaded ban [SLASH]
[2026-09-27T13:34:49.526Z] [LOG] [COMMANDS] Loaded clear [SLASH]
[2026-09-27T13:34:49.529Z] [LOG] [COMMANDS] Loaded kick [SLASH]
[2026-09-27T13:34:49.531Z] [LOG] [COMMANDS] Loaded lock [SLASH]
[2026-09-27T13:34:49.533Z] [LOG] [COMMANDS] Loaded nickname [SLASH]
[2026-09-27T13:34:49.535Z] [LOG] [COMMANDS] Loaded slowmode [SLASH]
[2026-09-27T13:34:49.537Z] [LOG] [COMMANDS] Loaded timeout [SLASH]
[2026-09-27T13:34:49.540Z] [LOG] [COMMANDS] Loaded unban [PREFIX + SLASH]
[2026-09-27T13:34:49.541Z] [LOG] [COMMANDS] Loaded unlock [SLASH]
[2026-09-27T13:34:49.543Z] [LOG] [COMMANDS] Loaded untimeout [SLASH]
[2026-09-27T13:34:49.544Z] [LOG] [COMMANDS] Loaded warn [SLASH]
[2026-09-27T13:34:49.546Z] [LOG] [COMMANDS] Loaded warnings [SLASH]
[2026-09-27T13:34:49.548Z] [LOG] [COMMANDS] Loaded ticket-panel [SLASH]
[2026-09-27T13:34:49.550Z] [LOG] [COMMANDS] Loaded cerror [PREFIX]
[2026-09-27T13:34:49.551Z] [LOG] [COMMANDS] Loaded clog [PREFIX]
[2026-09-27T13:34:49.553Z] [LOG] [COMMANDS] Loaded explogs [PREFIX]
[2026-09-27T13:34:49.556Z] [LOG] [COMMANDS] Loaded git [PREFIX]
[2026-09-27T13:34:49.557Z] [LOG] [COMMANDS] Loaded refresh [PREFIX]
[2026-09-27T13:34:49.558Z] [LOG] [EVENTS] Loading events from: C:\Users\vtkvi\Desktop\astra-discord-bot\src\events
[2026-09-27T13:34:49.563Z] [LOG] [EVENTS] Loaded interactionCreate.js → interactionCreate
[2026-09-27T13:34:49.565Z] [LOG] [EVENTS] Loaded messageCreate.js → messageCreate
[2026-09-27T13:34:49.568Z] [LOG] [EVENTS] Loaded ready.js → clientReady
[2026-09-27T13:34:49.569Z] [LOG] [WELCOME] welcomeMessage.js loaded
[2026-09-27T13:34:49.570Z] [LOG] [EVENTS] Loaded welcomeMessage.js → guildMemberAdd
[2026-09-27T13:34:50.438Z] [LOG] Logged in as Astra#9406
[2026-09-27T13:34:50.568Z] [LOG] [PRESENCE] Online player count: 1
[2026-09-27T13:35:15.678Z] [LOG] [PRESENCE] Online player count: 1
[2026-09-27T13:35:40.700Z] [LOG] [PRESENCE] Online player count: 1
[2026-09-27T13:36:05.716Z] [LOG] [PRESENCE] Online player count: 1
[2026-09-27T13:36:30.715Z] [LOG] [PRESENCE] Online player count: 1
[2026-09-27T13:36:55.764Z] [LOG] [PRESENCE] Online player count: 1
[2026-09-27T13:37:20.729Z] [LOG] [PRESENCE] Online player count: 1
[2026-09-27T13:37:45.743Z] [LOG] [PRESENCE] Online player count: 1
[2026-09-27T13:38:10.754Z] [LOG] [PRESENCE] Online player count: 1
[2026-09-27T13:38:35.755Z] [LOG] [PRESENCE] Online player count: 1
[2026-09-27T13:39:00.751Z] [LOG] [PRESENCE] Online player count: 1
[2026-09-27T13:39:25.752Z] [LOG] [PRESENCE] Online player count: 1
[2026-09-27T13:39:50.750Z] [LOG] [PRESENCE] Online player count: 1
[2026-09-27T13:40:15.774Z] [LOG] [PRESENCE] Online player count: 1
[2026-09-27T13:40:40.764Z] [LOG] [PRESENCE] Online player count: 1
[2026-09-27T13:41:05.797Z] [LOG] [PRESENCE] Online player count: 1
[2026-09-27T13:41:30.786Z] [LOG] [PRESENCE] Online player count: 1
[2026-09-27T13:41:55.846Z] [LOG] [PRESENCE] Online player count: 1
[2026-09-27T13:42:20.810Z] [LOG] [PRESENCE] Online player count: 1
[2026-09-27T13:42:45.840Z] [LOG] [PRESENCE] Online player count: 1
[2026-09-27T13:43:10.837Z] [LOG] [PRESENCE] Online player count: 1
[2026-09-27T13:43:35.844Z] [LOG] [PRESENCE] Online player count: 1
[2026-09-27T13:44:00.827Z] [LOG] [PRESENCE] Online player count: 1
[2026-09-27T13:44:25.857Z] [LOG] [PRESENCE] Online player count: 1
[2026-09-27T13:44:50.868Z] [LOG] [PRESENCE] Online player count: 1
=======
[2026-09-27T15:35:21.365Z] [LOG] Registering 13 commands...
[2026-09-27T15:35:21.791Z] [LOG] Commands registered successfully.
[2026-09-27T15:35:26.761Z] [LOG] [COMMANDS] Loaded applicationcreate [PREFIX]
[2026-09-27T15:35:26.765Z] [LOG] [COMMANDS] Loaded applicationlist [PREFIX]
[2026-09-27T15:35:26.767Z] [LOG] [COMMANDS] Loaded applicationremove [PREFIX]
[2026-09-27T15:35:26.768Z] [LOG] [COMMANDS] Loaded applicationsend [PREFIX]
[2026-09-27T15:35:26.770Z] [LOG] [COMMANDS] Loaded approve [PREFIX]
[2026-09-27T15:35:26.772Z] [LOG] [COMMANDS] Loaded deny [PREFIX]
[2026-09-27T15:35:26.782Z] [LOG] [COMMANDS] Loaded ban [SLASH]
[2026-09-27T15:35:26.785Z] [LOG] [COMMANDS] Loaded clear [SLASH]
[2026-09-27T15:35:26.789Z] [LOG] [COMMANDS] Loaded kick [SLASH]
[2026-09-27T15:35:26.793Z] [LOG] [COMMANDS] Loaded lock [SLASH]
[2026-09-27T15:35:26.796Z] [LOG] [COMMANDS] Loaded nickname [SLASH]
[2026-09-27T15:35:26.798Z] [LOG] [COMMANDS] Loaded slowmode [SLASH]
[2026-09-27T15:35:26.801Z] [LOG] [COMMANDS] Loaded timeout [SLASH]
[2026-09-27T15:35:26.813Z] [LOG] [COMMANDS] Loaded unban [PREFIX + SLASH]
[2026-09-27T15:35:26.820Z] [LOG] [COMMANDS] Loaded unlock [SLASH]
[2026-09-27T15:35:26.825Z] [LOG] [COMMANDS] Loaded untimeout [SLASH]
[2026-09-27T15:35:26.832Z] [LOG] [COMMANDS] Loaded warn [SLASH]
[2026-09-27T15:35:26.838Z] [LOG] [COMMANDS] Loaded warnings [SLASH]
[2026-09-27T15:35:26.844Z] [LOG] [COMMANDS] Loaded ticket-panel [SLASH]
[2026-09-27T15:35:26.853Z] [LOG] [COMMANDS] Loaded cerror [PREFIX]
[2026-09-27T15:35:26.859Z] [LOG] [COMMANDS] Loaded clog [PREFIX]
[2026-09-27T15:35:26.866Z] [LOG] [COMMANDS] Loaded explogs [PREFIX]
[2026-09-27T15:35:26.871Z] [LOG] [COMMANDS] Loaded git [PREFIX]
[2026-09-27T15:35:26.872Z] [LOG] [COMMANDS] Loaded refresh [PREFIX]
[2026-09-27T15:35:26.873Z] [LOG] [EVENTS] Loading events from: C:\Users\vtkvi\Downloads\astramod_updated_1.1\astra-bot-updated\src\events
[2026-09-27T15:35:26.880Z] [LOG] [EVENTS] Loaded interactionCreate.js → interactionCreate
[2026-09-27T15:35:26.887Z] [LOG] [EVENTS] Loaded messageCreate.js → messageCreate
[2026-09-27T15:35:26.895Z] [LOG] [EVENTS] Loaded ready.js → clientReady
[2026-09-27T15:35:26.899Z] [LOG] [WELCOME] welcomeMessage.js loaded
[2026-09-27T15:35:26.900Z] [LOG] [EVENTS] Loaded welcomeMessage.js → guildMemberAdd
[2026-09-27T15:35:29.653Z] [LOG] Logged in as Astra#9406
[2026-09-27T15:35:29.661Z] [LOG] [TICKETS] Contact Support API on http://127.0.0.1:47843/v1/support-ticket
[2026-09-27T15:37:26.355Z] [LOG] [COMMANDS] Loaded applicationcreate [PREFIX]
[2026-09-27T15:37:26.359Z] [LOG] [COMMANDS] Loaded applicationlist [PREFIX]
[2026-09-27T15:37:26.360Z] [LOG] [COMMANDS] Loaded applicationremove [PREFIX]
[2026-09-27T15:37:26.362Z] [LOG] [COMMANDS] Loaded applicationsend [PREFIX]
[2026-09-27T15:37:26.364Z] [LOG] [COMMANDS] Loaded approve [PREFIX]
[2026-09-27T15:37:26.366Z] [LOG] [COMMANDS] Loaded deny [PREFIX]
[2026-09-27T15:37:26.376Z] [LOG] [COMMANDS] Loaded ban [SLASH]
[2026-09-27T15:37:26.378Z] [LOG] [COMMANDS] Loaded clear [SLASH]
[2026-09-27T15:37:26.381Z] [LOG] [COMMANDS] Loaded kick [SLASH]
[2026-09-27T15:37:26.384Z] [LOG] [COMMANDS] Loaded lock [SLASH]
[2026-09-27T15:37:26.388Z] [LOG] [COMMANDS] Loaded nickname [SLASH]
[2026-09-27T15:37:26.393Z] [LOG] [COMMANDS] Loaded slowmode [SLASH]
[2026-09-27T15:37:26.399Z] [LOG] [COMMANDS] Loaded timeout [SLASH]
[2026-09-27T15:37:26.405Z] [LOG] [COMMANDS] Loaded unban [PREFIX + SLASH]
[2026-09-27T15:37:26.411Z] [LOG] [COMMANDS] Loaded unlock [SLASH]
[2026-09-27T15:37:26.415Z] [LOG] [COMMANDS] Loaded untimeout [SLASH]
[2026-09-27T15:37:26.419Z] [LOG] [COMMANDS] Loaded warn [SLASH]
[2026-09-27T15:37:26.422Z] [LOG] [COMMANDS] Loaded warnings [SLASH]
[2026-09-27T15:37:26.425Z] [LOG] [COMMANDS] Loaded ticket-panel [SLASH]
[2026-09-27T15:37:26.430Z] [LOG] [COMMANDS] Loaded cerror [PREFIX]
[2026-09-27T15:37:26.433Z] [LOG] [COMMANDS] Loaded clog [PREFIX]
[2026-09-27T15:37:26.436Z] [LOG] [COMMANDS] Loaded explogs [PREFIX]
[2026-09-27T15:37:26.440Z] [LOG] [COMMANDS] Loaded git [PREFIX]
[2026-09-27T15:37:26.442Z] [LOG] [COMMANDS] Loaded refresh [PREFIX]
[2026-09-27T15:37:26.443Z] [LOG] [EVENTS] Loading events from: C:\Users\vtkvi\Downloads\astramod_updated_1.1\astra-bot-updated\src\events
[2026-09-27T15:37:26.448Z] [LOG] [EVENTS] Loaded interactionCreate.js → interactionCreate
[2026-09-27T15:37:26.450Z] [LOG] [EVENTS] Loaded messageCreate.js → messageCreate
[2026-09-27T15:37:26.452Z] [LOG] [EVENTS] Loaded ready.js → clientReady
[2026-09-27T15:37:26.454Z] [LOG] [WELCOME] welcomeMessage.js loaded
[2026-09-27T15:37:26.454Z] [LOG] [EVENTS] Loaded welcomeMessage.js → guildMemberAdd
[2026-09-27T15:37:27.505Z] [LOG] Logged in as Astra#9406
[2026-09-27T15:37:27.512Z] [LOG] [TICKETS] Contact Support API on http://127.0.0.1:47843/v1/support-ticket
[2026-09-27T15:37:55.205Z] [LOG] [TICKETS] Left admin-console webhook message in place (Upload).
[2026-09-27T15:43:24.570Z] [ERROR] (node:5940) Warning: Supplying "ephemeral" for interaction response options is deprecated. Utilize flags instead.
(Use `node --trace-warnings ...` to show where the warning was created)
[2026-09-27T15:44:16.733Z] [LOG] Registering 13 commands...
[2026-09-27T15:44:17.057Z] [LOG] Commands registered successfully.
[2026-09-27T15:44:20.378Z] [LOG] [COMMANDS] Loaded applicationcreate [PREFIX]
[2026-09-27T15:44:20.381Z] [LOG] [COMMANDS] Loaded applicationlist [PREFIX]
[2026-09-27T15:44:20.382Z] [LOG] [COMMANDS] Loaded applicationremove [PREFIX]
[2026-09-27T15:44:20.383Z] [LOG] [COMMANDS] Loaded applicationsend [PREFIX]
[2026-09-27T15:44:20.384Z] [LOG] [COMMANDS] Loaded approve [PREFIX]
[2026-09-27T15:44:20.385Z] [LOG] [COMMANDS] Loaded deny [PREFIX]
[2026-09-27T15:44:20.390Z] [LOG] [COMMANDS] Loaded ban [SLASH]
[2026-09-27T15:44:20.394Z] [LOG] [COMMANDS] Loaded clear [SLASH]
[2026-09-27T15:44:20.399Z] [LOG] [COMMANDS] Loaded kick [SLASH]
[2026-09-27T15:44:20.401Z] [LOG] [COMMANDS] Loaded lock [SLASH]
[2026-09-27T15:44:20.405Z] [LOG] [COMMANDS] Loaded nickname [SLASH]
[2026-09-27T15:44:20.408Z] [LOG] [COMMANDS] Loaded slowmode [SLASH]
[2026-09-27T15:44:20.411Z] [LOG] [COMMANDS] Loaded timeout [SLASH]
[2026-09-27T15:44:20.413Z] [LOG] [COMMANDS] Loaded unban [PREFIX + SLASH]
[2026-09-27T15:44:20.415Z] [LOG] [COMMANDS] Loaded unlock [SLASH]
[2026-09-27T15:44:20.417Z] [LOG] [COMMANDS] Loaded untimeout [SLASH]
[2026-09-27T15:44:20.419Z] [LOG] [COMMANDS] Loaded warn [SLASH]
[2026-09-27T15:44:20.421Z] [LOG] [COMMANDS] Loaded warnings [SLASH]
[2026-09-27T15:44:20.423Z] [LOG] [COMMANDS] Loaded ticket-panel [SLASH]
[2026-09-27T15:44:20.425Z] [LOG] [COMMANDS] Loaded cerror [PREFIX]
[2026-09-27T15:44:20.429Z] [LOG] [COMMANDS] Loaded clog [PREFIX]
[2026-09-27T15:44:20.432Z] [LOG] [COMMANDS] Loaded explogs [PREFIX]
[2026-09-27T15:44:20.435Z] [LOG] [COMMANDS] Loaded git [PREFIX]
[2026-09-27T15:44:20.437Z] [LOG] [COMMANDS] Loaded refresh [PREFIX]
[2026-09-27T15:44:20.438Z] [LOG] [EVENTS] Loading events from: C:\Users\vtkvi\Downloads\astramod_updated_1.1\astra-bot-updated\src\events
[2026-09-27T15:44:20.444Z] [LOG] [EVENTS] Loaded interactionCreate.js → interactionCreate
[2026-09-27T15:44:20.447Z] [LOG] [EVENTS] Loaded messageCreate.js → messageCreate
[2026-09-27T15:44:20.449Z] [LOG] [EVENTS] Loaded ready.js → clientReady
[2026-09-27T15:44:20.451Z] [LOG] [WELCOME] welcomeMessage.js loaded
[2026-09-27T15:44:20.451Z] [LOG] [EVENTS] Loaded welcomeMessage.js → guildMemberAdd
[2026-09-27T15:44:21.375Z] [LOG] Logged in as Astra#9406
[2026-09-27T15:44:21.385Z] [LOG] [TICKETS] Contact Support API on http://127.0.0.1:47843/v1/support-ticket
[2026-09-27T15:45:56.656Z] [LOG] [PREFIX] amayaiscool used >git
[2026-09-27T15:45:56.658Z] [LOG] [PREFIX] Found command: YES
[2026-09-27T15:45:56.658Z] [LOG] [PREFIX] Has prefixExecute: function
[2026-09-27T15:45:59.914Z] [LOG] [PREFIX] amayaiscool used >git
[2026-09-27T15:45:59.915Z] [LOG] [PREFIX] Found command: YES
[2026-09-27T15:45:59.915Z] [LOG] [PREFIX] Has prefixExecute: function
[2026-09-27T15:46:13.008Z] [LOG] [PREFIX] amayaiscool used >git
[2026-09-27T15:46:13.009Z] [LOG] [PREFIX] Found command: YES
[2026-09-27T15:46:13.009Z] [LOG] [PREFIX] Has prefixExecute: function
[2026-09-27T15:46:20.537Z] [LOG] [PREFIX] amayaiscool used >git
[2026-09-27T15:46:20.538Z] [LOG] [PREFIX] Found command: YES
[2026-09-27T15:46:20.538Z] [LOG] [PREFIX] Has prefixExecute: function
[2026-09-27T15:47:31.199Z] [LOG] [COMMANDS] Loaded applicationcreate [PREFIX]
[2026-09-27T15:47:31.203Z] [LOG] [COMMANDS] Loaded applicationlist [PREFIX]
[2026-09-27T15:47:31.204Z] [LOG] [COMMANDS] Loaded applicationremove [PREFIX]
[2026-09-27T15:47:31.205Z] [LOG] [COMMANDS] Loaded applicationsend [PREFIX]
[2026-09-27T15:47:31.206Z] [LOG] [COMMANDS] Loaded approve [PREFIX]
[2026-09-27T15:47:31.208Z] [LOG] [COMMANDS] Loaded deny [PREFIX]
[2026-09-27T15:47:31.222Z] [LOG] [COMMANDS] Loaded ban [SLASH]
[2026-09-27T15:47:31.225Z] [LOG] [COMMANDS] Loaded clear [SLASH]
[2026-09-27T15:47:31.228Z] [LOG] [COMMANDS] Loaded kick [SLASH]
[2026-09-27T15:47:31.231Z] [LOG] [COMMANDS] Loaded lock [SLASH]
[2026-09-27T15:47:31.234Z] [LOG] [COMMANDS] Loaded nickname [SLASH]
[2026-09-27T15:47:31.237Z] [LOG] [COMMANDS] Loaded slowmode [SLASH]
[2026-09-27T15:47:31.241Z] [LOG] [COMMANDS] Loaded timeout [SLASH]
[2026-09-27T15:47:31.246Z] [LOG] [COMMANDS] Loaded unban [PREFIX + SLASH]
[2026-09-27T15:47:31.249Z] [LOG] [COMMANDS] Loaded unlock [SLASH]
[2026-09-27T15:47:31.251Z] [LOG] [COMMANDS] Loaded untimeout [SLASH]
[2026-09-27T15:47:31.253Z] [LOG] [COMMANDS] Loaded warn [SLASH]
[2026-09-27T15:47:31.257Z] [LOG] [COMMANDS] Loaded warnings [SLASH]
[2026-09-27T15:47:31.261Z] [LOG] [COMMANDS] Loaded ticket-panel [SLASH]
[2026-09-27T15:47:31.263Z] [LOG] [COMMANDS] Loaded cerror [PREFIX]
[2026-09-27T15:47:31.266Z] [LOG] [COMMANDS] Loaded clog [PREFIX]
[2026-09-27T15:47:31.267Z] [LOG] [COMMANDS] Loaded explogs [PREFIX]
[2026-09-27T15:47:31.269Z] [LOG] [COMMANDS] Loaded git [PREFIX]
[2026-09-27T15:47:31.271Z] [LOG] [COMMANDS] Loaded refresh [PREFIX]
[2026-09-27T15:47:31.272Z] [LOG] [EVENTS] Loading events from: C:\Users\vtkvi\Downloads\astramod_updated_1.1\astra-bot-updated\src\events
[2026-09-27T15:47:31.278Z] [LOG] [EVENTS] Loaded interactionCreate.js → interactionCreate
[2026-09-27T15:47:31.280Z] [LOG] [EVENTS] Loaded messageCreate.js → messageCreate
[2026-09-27T15:47:31.283Z] [LOG] [EVENTS] Loaded ready.js → clientReady
[2026-09-27T15:47:31.284Z] [LOG] [WELCOME] welcomeMessage.js loaded
[2026-09-27T15:47:31.285Z] [LOG] [EVENTS] Loaded welcomeMessage.js → guildMemberAdd
[2026-09-27T15:47:32.668Z] [LOG] Logged in as Astra#9406
[2026-09-27T15:47:32.673Z] [LOG] [TICKETS] Contact Support API on http://127.0.0.1:47843/v1/support-ticket
[2026-09-27T15:47:36.549Z] [LOG] [PREFIX] amayaiscool used >git
[2026-09-27T15:47:36.549Z] [LOG] [PREFIX] Found command: YES
[2026-09-27T15:47:36.550Z] [LOG] [PREFIX] Has prefixExecute: function
[2026-09-27T15:47:38.737Z] [LOG] [PREFIX] amayaiscool used >git
[2026-09-27T15:47:38.738Z] [LOG] [PREFIX] Found command: YES
[2026-09-27T15:47:38.738Z] [LOG] [PREFIX] Has prefixExecute: function
[2026-09-27T15:47:50.299Z] [LOG] [PREFIX] amayaiscool used >git
[2026-09-27T15:47:50.300Z] [LOG] [PREFIX] Found command: YES
[2026-09-27T15:47:50.301Z] [LOG] [PREFIX] Has prefixExecute: function
[2026-09-27T15:47:57.557Z] [LOG] [PREFIX] amayaiscool used >git
[2026-09-27T15:47:57.558Z] [LOG] [PREFIX] Found command: YES
[2026-09-27T15:47:57.558Z] [LOG] [PREFIX] Has prefixExecute: function
>>>>>>> 7e45b9c8d0eed3d847e9dac6926297dc44a21be3
